******************************************************************************
                  TI ARM Linker PC v18.12.4                    
******************************************************************************
>> Linked Thu Feb 11 16:40:56 2021

OUTPUT FILE NAME:   <TMS570_free_RTOS_CAN.out>
ENTRY POINT SYMBOL: "_c_int00"  address: 0000e50c


MEMORY CONFIGURATION

         name            origin    length      used     unused   attr    fill
----------------------  --------  ---------  --------  --------  ----  --------
  VECTORS               00000000   00000020  00000020  00000000     X
  KERNEL                00000020   00008000  00003728  000048d8  R  X
  FLASH0                00008020   00057fe0  00007b54  0005048c  R  X
  STACKS                08000000   00000800  00000000  00000800  RW  
  KRAM                  08000800   00000800  00000104  000006fc  RW  
  RAM                   08001000   00007000  0000204c  00004fb4  RW  


SEGMENT ALLOCATION MAP

run origin  load origin   length   init length attrs members
----------  ----------- ---------- ----------- ----- -------
00000000    00000000    00003748   00003748    r-x
  00000000    00000000    00000020   00000020    r-x .intvecs
  00000020    00000020    000036c8   000036c8    r-x .kernelTEXT
  000036e8    000036e8    00000060   00000060    r-- .cinit
00008020    00008020    00007b54   00007b54    r-x
  00008020    00008020    000079b4   000079b4    r-x .text
  0000f9d4    0000f9d4    000001a0   000001a0    r-- .const
08000800    08000800    00000104   00000000    rw-
  08000800    08000800    00000104   00000000    rw- .kernelBSS
08001000    08001000    0000204c   00000000    rw-
  08001000    08001000    00002000   00000000    rw- .kernelHEAP
  08003000    08003000    00000030   00000000    rw- .data
  08003030    08003030    0000001c   00000000    rw- .bss


SECTION ALLOCATION MAP

 output                                  attributes/
section   page    origin      length       input sections
--------  ----  ----------  ----------   ----------------
.intvecs   0    00000000    00000020     
                  00000000    00000020     sys_intvecs.obj (.intvecs)

.kernelTEXT 
*          0    00000020    000036c8     
                  00000020    00002bdc     os_tasks.obj (.kernelTEXT)
                  00002bfc    000003bc     os_port.obj (.kernelTEXT)
                  00002fb8    000003b0     os_portasm.obj (.kernelTEXT)
                  00003368    00000380     os_heap.obj (.kernelTEXT)

.cinit     0    000036e8    00000060     
                  000036e8    00000017     (.cinit..data.load) [load image, compression = lzss]
                  000036ff    00000001     --HOLE-- [fill = 0]
                  00003700    0000000c     (__TI_handler_table)
                  0000370c    00000009     (.cinit..kernelBSS.load) [load image, compression = lzss]
                  00003715    00000003     --HOLE-- [fill = 0]
                  00003718    00000008     (.cinit..bss.load) [load image, compression = zero_init]
                  00003720    00000008     (.cinit..kernelHEAP.load) [load image, compression = zero_init]
                  00003728    00000020     (__TI_cinit_table)

.text      0    00008020    000079b4     
                  00008020    000024f0     sys_selftest.obj (.text)
                  0000a510    00000d3c     can.obj (.text)
                  0000b24c    00000aa0     system.obj (.text)
                  0000bcec    0000089c     sys_vim.obj (.text)
                  0000c588    000006e4     sci.obj (.text)
                  0000cc6c    00000664     errata_SSWF021_45.obj (.text)
                  0000d2d0    000005bc     esm.obj (.text)
                  0000d88c    000002d0     sys_core.obj (.text)
                  0000db5c    00000298     can.obj (.text:retain)
                  0000ddf4    00000278     os_heap.obj (.text)
                  0000e06c    00000268     sys_vim.obj (.text:retain)
                  0000e2d4    00000238     os_list.obj (.text)
                  0000e50c    0000021c     sys_startup.obj (.text:retain)
                  0000e728    00000214     rtsv7R4_A_be_eabi.lib : fd_add32.asm.obj (.text)
                  0000e93c    000001b4     os_port.obj (.text)
                  0000eaf0    00000190     rtsv7R4_A_be_eabi.lib : fd_div32.asm.obj (.text)
                  0000ec80    00000180                           : memcpy32.asm.obj (.text)
                  0000ee00    00000164     os_tasks.obj (.text)
                  0000ef64    00000158     rtsv7R4_A_be_eabi.lib : s_floor.c.obj (.text:floor)
                  0000f0bc    00000150     pinmux.obj (.text)
                  0000f20c    00000104     sys_main.obj (.text)
                  0000f310    000000ec     esm.obj (.text:retain)
                  0000f3fc    000000e8     dabort.obj (.text)
                  0000f4e4    000000e0     rtsv7R4_A_be_eabi.lib : fd_cmp32.asm.obj (.text:__aeabi_cdrcmple)
                  0000f5c4    000000e0     sys_pmu.obj (.text)
                  0000f6a4    000000b0     rtsv7R4_A_be_eabi.lib : memset32.asm.obj (.text)
                  0000f754    000000a8     notification.obj (.text)
                  0000f7fc    00000090     rtsv7R4_A_be_eabi.lib : copy_decompress_lzss.c.obj (.text:decompress:lzss:__TI_decompress_lzss)
                  0000f88c    00000068                           : autoinit.c.obj (.text:__TI_auto_init_nobinit_nopinit:__TI_auto_init_nobinit_nopinit)
                  0000f8f4    00000058                           : fd_tou32.asm.obj (.text)
                  0000f94c    00000034                           : u_tofd32.asm.obj (.text)
                  0000f980    00000020                           : strlen.c.obj (.text:strlen)
                  0000f9a0    00000014                           : copy_decompress_none.c.obj (.text:decompress:none:__TI_decompress_none)
                  0000f9b4    00000010                           : copy_zero_init.c.obj (.text:decompress:ZI:__TI_zero_init)
                  0000f9c4    00000008                           : exit.c.obj (.text:abort:abort)
                  0000f9cc    00000004     sys_phantom.obj (.text:retain)
                  0000f9d0    00000004     sys_startup.obj (.text)

.const     0    0000f9d4    000001a0     
                  0000f9d4    00000180     sys_vim.obj (.const:s_vim_init)
                  0000fb54    00000020     can.obj (.const:s_canByteOrder)

.kernelBSS 
*          0    08000800    00000104     UNINITIALIZED
                  08000800    000000d0     os_tasks.obj (.kernelBSS:uninit)
                  080008d0    00000034     os_tasks.obj (.kernelBSS:init)

.kernelHEAP 
*          0    08001000    00002000     UNINITIALIZED
                  08001000    00002000     os_heap.obj (.kernelHEAP)

.data      0    08003000    00000030     UNINITIALIZED
                  08003000    00000010     os_heap.obj (.data)
                  08003010    00000009     sys_main.obj (.data:rx_data)
                  08003019    00000009     sys_main.obj (.data:tx_data)
                  08003022    00000002     --HOLE--
                  08003024    00000008     os_port.obj (.data)
                  0800302c    00000004     sys_main.obj (.data)

.bss       0    08003030    0000001c     UNINITIALIZED
                  08003030    00000014     sci.obj (.bss:g_sciTransfer_t)
                  08003044    00000008     os_heap.obj (.bss:xStart)

MODULE SUMMARY

       Module                       code    ro data   rw data
       ------                       ----    -------   -------
    .\source\
       os_tasks.obj                 11584   0         260    
       os_heap.obj                  1528    0         8216   
       sys_selftest.obj             9456    0         0      
       can.obj                      4052    32        0      
       sys_vim.obj                  2820    384       0      
       system.obj                   2720    0         0      
       sci.obj                      1764    0         20     
       esm.obj                      1704    0         0      
       errata_SSWF021_45.obj        1636    0         0      
       os_port.obj                  1392    0         8      
       os_portasm.obj               944     0         0      
       sys_core.obj                 720     0         0      
       os_list.obj                  568     0         0      
       sys_startup.obj              544     0         0      
       pinmux.obj                   336     0         0      
       sys_main.obj                 260     0         22     
       dabort.obj                   232     0         0      
       sys_pmu.obj                  224     0         0      
       notification.obj             168     0         0      
       sys_intvecs.obj              32      0         0      
       sys_phantom.obj              4       0         0      
    +--+----------------------------+-------+---------+---------+
       Total:                       42688   416       8526   
                                                             
    C:\ti\ccs930\ccs\tools\compiler\ti-cgt-arm_18.12.4.LTS\lib\rtsv7R4_A_be_eabi.lib
       fd_add32.asm.obj             532     0         0      
       fd_div32.asm.obj             400     0         0      
       memcpy32.asm.obj             384     0         0      
       s_floor.c.obj                344     0         0      
       fd_cmp32.asm.obj             224     0         0      
       memset32.asm.obj             176     0         0      
       copy_decompress_lzss.c.obj   144     0         0      
       autoinit.c.obj               104     0         0      
       fd_tou32.asm.obj             88      0         0      
       u_tofd32.asm.obj             52      0         0      
       strlen.c.obj                 32      0         0      
       copy_decompress_none.c.obj   20      0         0      
       copy_zero_init.c.obj         16      0         0      
       exit.c.obj                   8       0         0      
    +--+----------------------------+-------+---------+---------+
       Total:                       2524    0         0      
                                                             
       Linker Generated:            0       92        0      
    +--+----------------------------+-------+---------+---------+
       Grand Total:                 45212   508       8526   


LINKER GENERATED COPY TABLES

__TI_cinit_table @ 00003728 records: 4, size/record: 8, table size: 32
	.data: load addr=000036e8, load size=00000017 bytes, run addr=08003000, run size=00000030 bytes, compression=lzss
	.kernelBSS: load addr=0000370c, load size=00000009 bytes, run addr=08000800, run size=00000104 bytes, compression=lzss
	.bss: load addr=00003718, load size=00000008 bytes, run addr=08003030, run size=0000001c bytes, compression=zero_init
	.kernelHEAP: load addr=00003720, load size=00000008 bytes, run addr=08001000, run size=00002000 bytes, compression=zero_init


LINKER GENERATED HANDLER TABLE

__TI_handler_table @ 00003700 records: 3, size/record: 4, table size: 12
	index: 0, handler: __TI_decompress_lzss
	index: 1, handler: __TI_decompress_none
	index: 2, handler: __TI_zero_init


GLOBAL SYMBOLS: SORTED ALPHABETICALLY BY Name 

address   name                                
-------   ----                                
0000f9c4  C$$EXIT                             
UNDEFED   SHT$$INIT_ARRAY$$Base               
UNDEFED   SHT$$INIT_ARRAY$$Limit              
00003728  __TI_CINIT_Base                     
00003748  __TI_CINIT_Limit                    
00003700  __TI_Handler_Table_Base             
0000370c  __TI_Handler_Table_Limit            
0000db54  __TI_PINIT_Base                     
0000db58  __TI_PINIT_Limit                    
0000f88c  __TI_auto_init_nobinit_nopinit      
0000f7fc  __TI_decompress_lzss                
0000f9a0  __TI_decompress_none                
ffffffff  __TI_pprof_out_hndl                 
ffffffff  __TI_prof_data_size                 
ffffffff  __TI_prof_data_start                
00000000  __TI_static_base__                  
0000f9b4  __TI_zero_init                      
0000f4e4  __aeabi_cdrcmple                    
0000f8f4  __aeabi_d2uiz                       
0000e734  __aeabi_dadd                        
0000eaf0  __aeabi_ddiv                        
0000e728  __aeabi_dsub                        
0000f6a4  __aeabi_memclr                      
0000f6a4  __aeabi_memclr4                     
0000f6a4  __aeabi_memclr8                     
0000ec80  __aeabi_memcpy                      
0000ec80  __aeabi_memcpy4                     
0000ec80  __aeabi_memcpy8                     
0000f6a8  __aeabi_memset                      
0000f6a8  __aeabi_memset4                     
0000f6a8  __aeabi_memset8                     
0000f94c  __aeabi_ui2d                        
ffffffff  __binit__                           
ffffffff  __c_args__                          
0000e50c  _c_int00                            
0000da7c  _coreClearAuxiliaryDataFault_       
0000da90  _coreClearAuxiliaryInstructionFault_
0000da54  _coreClearDataFaultAddress_         
0000da2c  _coreClearDataFault_                
0000da68  _coreClearInstructionFaultAddress_  
0000da40  _coreClearInstructionFault_         
0000d9c0  _coreDisableEventBusExport_         
0000da04  _coreDisableFlashEcc_               
0000d9e0  _coreDisableRamEcc_                 
0000d9b0  _coreEnableEventBusExport_          
0000d9f0  _coreEnableFlashEcc_                
0000da14  _coreEnableIrqVicOffset_            
0000d9d0  _coreEnableRamEcc_                  
0000da74  _coreGetAuxiliaryDataFault_         
0000da88  _coreGetAuxiliaryInstructionFault_  
0000da4c  _coreGetDataFaultAddress_           
0000da24  _coreGetDataFault_                  
0000da60  _coreGetInstructionFaultAddress_    
0000da38  _coreGetInstructionFault_           
0000d88c  _coreInitRegisters_                 
0000d944  _coreInitStackPointer_              
0000f3fc  _dabort                             
0000daa4  _disable_FIQ_interrupt_             
0000daac  _disable_IRQ_interrupt_             
0000da9c  _disable_interrupt_                 
0000dab4  _enable_interrupt_                  
0000db44  _errata_CORTEXR4_66_                
0000cc6c  _errata_SSWF021_45_both_plls        
0000ce60  _errata_SSWF021_45_pll1             
0000cfd8  _errata_SSWF021_45_pll2             
0000dabc  _esmCcmErrorsClear_                 
0000d990  _getCPSRValue_                      
0000d998  _gotoCPUIdle_                       
0000f620  _pmuDisableCountersGlobal_          
0000f610  _pmuEnableCountersGlobal_           
0000f67c  _pmuGetCycleCount_                  
0000f684  _pmuGetEventCount_                  
0000f690  _pmuGetOverflow_                    
0000f5c4  _pmuInit_                           
0000f650  _pmuResetCounters_                  
0000f630  _pmuResetCycleCounter_              
0000f640  _pmuResetEventCounters_             
0000f670  _pmuSetCountEvent_                  
0000f660  _pmuStartCounters_                  
0000f668  _pmuStopCounters_                   
UNDEFED   _system_post_cinit                  
0000f9c4  abort                               
00009004  adc1ParityCheck                     
ffffffff  binit                               
0000aeec  can1GetConfigValue                  
0000db5c  can1HighLevelInterrupt              
0000dc1c  can1LowLevelInterrupt               
000090bc  can1ParityCheck                     
0000b044  can2GetConfigValue                  
0000dc90  can2HighLevelInterrupt              
0000dd50  can2LowLevelInterrupt               
00009198  can2ParityCheck                     
0000ad8c  canDisableErrorNotification         
0000ad6c  canDisableStatusChangeNotification  
0000ade4  canDisableloopback                  
0000ad2c  canEnableErrorNotification          
0000ad4c  canEnableStatusChangeNotification   
0000adac  canEnableloopback                   
0000f7ac  canErrorNotification                
0000aad4  canFillMessageObjectData            
0000a7fc  canGetData                          
0000ad08  canGetErrorLevel                    
0000a954  canGetID                            
0000ace4  canGetLastError                     
0000a510  canInit                             
0000aed0  canIoRxGetBit                       
0000ae14  canIoSetDirection                   
0000ae64  canIoSetPort                        
0000aeb4  canIoTxGetBit                       
0000ac88  canIsMessageBoxValid                
0000ac2c  canIsRxMessageArrived               
0000abd0  canIsTxMessagePending               
0000f7d4  canMessageNotification              
0000aa34  canSendRemoteFrame                  
0000f7c0  canStatusChangeNotification         
0000a700  canTransmit                         
0000a9bc  canUpdateID                         
00008030  ccmSelfCheck                        
0000a034  ccmr4GetConfigValue                 
00008938  checkB0RAMECC                       
00008b28  checkB1RAMECC                       
00009604  checkClockMonitor                   
00008d18  checkFlashECC                       
000096d8  checkFlashEEPROMECC                 
00009880  checkPLL1Slip                       
0000f278  checkPackets                        
0000999c  checkRAMAddrParity                  
000093bc  checkRAMECC                         
00009aa4  checkRAMUERRTest                    
000087bc  checkefcSelfTest                    
00008234  cpuSelfTest                         
00008dfc  cpuSelfTestFail                     
0000bc2c  customTrimLPO                       
00008df4  custom_dabort                       
0000a424  disableParity                       
00001f18  eTaskConfirmSleepModeStatus         
00000890  eTaskGetState                       
00008660  efcCheck                            
00009f98  efcGetConfigValue                   
00008794  efcSelfTest                         
000086e8  efcStuckZeroTest                    
0000a3d0  enableParity                        
0000a0b0  errata_PBIST_4                      
0800302c  error                               
0000d454  esmActivateNormalOperation          
0000d528  esmClearStatus                      
0000d568  esmClearStatusBuffer                
0000d41c  esmDisableError                     
0000d48c  esmDisableInterrupt                 
0000d3f4  esmEnableError                      
0000d464  esmEnableInterrupt                  
0000d660  esmEnterSelfTest                    
0000d3d8  esmError                            
0000d738  esmGetConfigValue                   
0000d5a4  esmGetStatus                        
0000d628  esmGetStatusBuffer                  
0000f754  esmGroup1Notification               
0000f764  esmGroup2Notification               
0000f310  esmHighInterrupt                    
0000d2d0  esmInit                             
0000d6e8  esmSelfTestStatus                   
0000d584  esmSetCounterPreloadValue           
0000d4b4  esmSetInterruptLevel                
0000d444  esmTriggerErrorPinReset             
0000ef64  floor                               
0000ef64  floorl                              
00009c00  fmcBus1ParityCheck                  
0000885c  fmcBus2Check                        
00008898  fmcECCcheck                         
0000f9d0  handlePLLLockFail                   
00008eac  het1ParityCheck                     
00008f4c  htu1ParityCheck                     
0000f20c  main                                
0000b3a4  mapClocks                           
0000ec80  memcpy                              
00008174  memoryInit                          
0000f774  memoryPort0TestFailNotification     
0000f790  memoryPort1TestFailNotification     
0000f6b4  memset                              
00009260  mibspi1ParityCheck                  
0000f0bc  muxInit                             
00009d2c  pbistFail                           
00009db0  pbistGetConfigValue                 
000085a8  pbistIsTestCompleted                
000085d4  pbistIsTestPassed                   
00008608  pbistPortTestStatus                 
000084ac  pbistRun                            
000082cc  pbistSelfCheck                      
00008578  pbistStop                           
00001354  pcTaskGetName                       
0000b350  periphInit                          
0000f9cc  phantomInterrupt                    
0000f144  pinmuxGetConfigValue                
00003340  prvMpuDisable                       
00003328  prvMpuEnable                        
00003310  prvMpuSetRegion                     
00003368  pvPortMalloc                        
00001ff8  pvTaskGetThreadLocalStoragePointer  
080008d0  pxCurrentTCB                        
00002bfc  pxPortInitialiseStack               
00000000  resetEntry                          
08003010  rx_data                             
0000c9d4  sciDisableLoopback                  
0000ca2c  sciDisableNotification              
0000c9a0  sciEnableLoopback                   
0000c9f0  sciEnableNotification               
0000ca68  sciEnterResetState                  
0000ca88  sciExitResetState                   
0000c588  sciInit                             
0000c888  sciIsIdleDetected                   
0000c86c  sciIsRxReady                        
0000c74c  sciIsTxReady                        
0000f7e8  sciNotification                     
0000c900  sciReceive                          
0000c8d4  sciReceiveByte                      
0000c8a4  sciRxError                          
0000c798  sciSend                             
0000c768  sciSendByte                         
0000c694  sciSetBaudrate                      
0000c674  sciSetFunctional                    
0000cac0  scilinGetConfigValue                
00008020  selftestFailNotification            
0000b310  setupFlash                          
0000b24c  setupPLL                            
0000baf0  sramGetConfigValue                  
00009ef8  stcGetConfigValue                   
000081b8  stcSelfCheck                        
00008df8  stcSelfCheckFail                    
0000f980  strlen                              
0000b584  systemGetConfigValue                
0000b488  systemInit                          
0000b554  systemPowerDown                     
0000b944  tcmflashGetConfigValue              
0000b29c  trimLPO                             
08003019  tx_data                             
08003024  ulCriticalNesting                   
0000324c  ulPortCountLeadingZeros             
08003028  ulTaskHasFPUContext                 
00002390  ulTaskNotifyTake                    
0000e480  uxListRemove                        
00001348  uxTaskGetNumberOfTasks              
0000223c  uxTaskGetStackHighWaterMark         
00000994  uxTaskPriorityGet                   
000009d8  uxTaskPriorityGetFromISR            
00002354  uxTaskResetEventItemValue           
0000e2d4  vListInitialise                     
0000e32c  vListInitialiseItem                 
0000e3bc  vListInsert                         
0000e348  vListInsertEnd                      
00002f84  vPortEndScheduler                   
000035c0  vPortFree                           
000036d0  vPortInitialiseBlocks               
0000318c  vPortPreemptiveTick                 
00003254  vPortSWI                            
00002fbc  vPortStartFirstTask                 
00002cec  vPortStoreTaskMPUSettings           
000030d8  vPortYeildWithinAPI                 
0000302c  vPortYieldProcessor                 
00002064  vTaskAllocateMPURegions             
0000080c  vTaskDelay                          
000006a0  vTaskDelayUntil                     
00000538  vTaskDelete                         
00001084  vTaskEndScheduler                   
00001f08  vTaskMissedYield                    
00002954  vTaskNotifyGiveFromISR              
00001ad0  vTaskPlaceOnEventList               
00001b14  vTaskPlaceOnUnorderedEventList      
00000a20  vTaskPrioritySet                    
00000e20  vTaskResume                         
00001f94  vTaskSetThreadLocalStoragePointer   
00001d90  vTaskSetTimeOutState                
00000fec  vTaskStartScheduler                 
0000166c  vTaskStepTick                       
00000c18  vTaskSuspend                        
000010a0  vTaskSuspendAll                     
000019f0  vTaskSwitchContext                  
0000bdc0  vimChannelMap                       
0000bfbc  vimDisableInterrupt                 
0000be64  vimEnableInterrupt                  
0000c040  vimGetConfigValue                   
0000bcec  vimInit                             
00008e00  vimParityCheck                      
0000e06c  vimParityErrorHandler               
000036b8  xPortGetFreeHeapSize                
000036c4  xPortGetMinimumEverFreeHeapSize     
00002f60  xPortStartScheduler                 
000016c8  xTaskAbortDelay                     
00001dd0  xTaskCheckForTimeOut                
000000fc  xTaskCreate                         
00000020  xTaskCreateRestricted               
00002580  xTaskGenericNotify                  
00002754  xTaskGenericNotifyFromISR           
0000152c  xTaskGetHandle                      
00001634  xTaskGetIdleTaskHandle              
00002304  xTaskGetSchedulerState              
00001308  xTaskGetTickCount                   
00001324  xTaskGetTickCountFromISR            
000017c8  xTaskIncrementTick                  
0000eee8  xTaskNotifyStateClear               
00002468  xTaskNotifyWait                     
00001b98  xTaskRemoveFromEventList            
00001c88  xTaskRemoveFromUnorderedEventList   
00001158  xTaskResumeAll                      
00000f04  xTaskResumeFromISR                  


GLOBAL SYMBOLS: SORTED BY Symbol Address 

address   name                                
-------   ----                                
00000000  __TI_static_base__                  
00000000  resetEntry                          
00000020  xTaskCreateRestricted               
000000fc  xTaskCreate                         
00000538  vTaskDelete                         
000006a0  vTaskDelayUntil                     
0000080c  vTaskDelay                          
00000890  eTaskGetState                       
00000994  uxTaskPriorityGet                   
000009d8  uxTaskPriorityGetFromISR            
00000a20  vTaskPrioritySet                    
00000c18  vTaskSuspend                        
00000e20  vTaskResume                         
00000f04  xTaskResumeFromISR                  
00000fec  vTaskStartScheduler                 
00001084  vTaskEndScheduler                   
000010a0  vTaskSuspendAll                     
00001158  xTaskResumeAll                      
00001308  xTaskGetTickCount                   
00001324  xTaskGetTickCountFromISR            
00001348  uxTaskGetNumberOfTasks              
00001354  pcTaskGetName                       
0000152c  xTaskGetHandle                      
00001634  xTaskGetIdleTaskHandle              
0000166c  vTaskStepTick                       
000016c8  xTaskAbortDelay                     
000017c8  xTaskIncrementTick                  
000019f0  vTaskSwitchContext                  
00001ad0  vTaskPlaceOnEventList               
00001b14  vTaskPlaceOnUnorderedEventList      
00001b98  xTaskRemoveFromEventList            
00001c88  xTaskRemoveFromUnorderedEventList   
00001d90  vTaskSetTimeOutState                
00001dd0  xTaskCheckForTimeOut                
00001f08  vTaskMissedYield                    
00001f18  eTaskConfirmSleepModeStatus         
00001f94  vTaskSetThreadLocalStoragePointer   
00001ff8  pvTaskGetThreadLocalStoragePointer  
00002064  vTaskAllocateMPURegions             
0000223c  uxTaskGetStackHighWaterMark         
00002304  xTaskGetSchedulerState              
00002354  uxTaskResetEventItemValue           
00002390  ulTaskNotifyTake                    
00002468  xTaskNotifyWait                     
00002580  xTaskGenericNotify                  
00002754  xTaskGenericNotifyFromISR           
00002954  vTaskNotifyGiveFromISR              
00002bfc  pxPortInitialiseStack               
00002cec  vPortStoreTaskMPUSettings           
00002f60  xPortStartScheduler                 
00002f84  vPortEndScheduler                   
00002fbc  vPortStartFirstTask                 
0000302c  vPortYieldProcessor                 
000030d8  vPortYeildWithinAPI                 
0000318c  vPortPreemptiveTick                 
0000324c  ulPortCountLeadingZeros             
00003254  vPortSWI                            
00003310  prvMpuSetRegion                     
00003328  prvMpuEnable                        
00003340  prvMpuDisable                       
00003368  pvPortMalloc                        
000035c0  vPortFree                           
000036b8  xPortGetFreeHeapSize                
000036c4  xPortGetMinimumEverFreeHeapSize     
000036d0  vPortInitialiseBlocks               
00003700  __TI_Handler_Table_Base             
0000370c  __TI_Handler_Table_Limit            
00003728  __TI_CINIT_Base                     
00003748  __TI_CINIT_Limit                    
00008020  selftestFailNotification            
00008030  ccmSelfCheck                        
00008174  memoryInit                          
000081b8  stcSelfCheck                        
00008234  cpuSelfTest                         
000082cc  pbistSelfCheck                      
000084ac  pbistRun                            
00008578  pbistStop                           
000085a8  pbistIsTestCompleted                
000085d4  pbistIsTestPassed                   
00008608  pbistPortTestStatus                 
00008660  efcCheck                            
000086e8  efcStuckZeroTest                    
00008794  efcSelfTest                         
000087bc  checkefcSelfTest                    
0000885c  fmcBus2Check                        
00008898  fmcECCcheck                         
00008938  checkB0RAMECC                       
00008b28  checkB1RAMECC                       
00008d18  checkFlashECC                       
00008df4  custom_dabort                       
00008df8  stcSelfCheckFail                    
00008dfc  cpuSelfTestFail                     
00008e00  vimParityCheck                      
00008eac  het1ParityCheck                     
00008f4c  htu1ParityCheck                     
00009004  adc1ParityCheck                     
000090bc  can1ParityCheck                     
00009198  can2ParityCheck                     
00009260  mibspi1ParityCheck                  
000093bc  checkRAMECC                         
00009604  checkClockMonitor                   
000096d8  checkFlashEEPROMECC                 
00009880  checkPLL1Slip                       
0000999c  checkRAMAddrParity                  
00009aa4  checkRAMUERRTest                    
00009c00  fmcBus1ParityCheck                  
00009d2c  pbistFail                           
00009db0  pbistGetConfigValue                 
00009ef8  stcGetConfigValue                   
00009f98  efcGetConfigValue                   
0000a034  ccmr4GetConfigValue                 
0000a0b0  errata_PBIST_4                      
0000a3d0  enableParity                        
0000a424  disableParity                       
0000a510  canInit                             
0000a700  canTransmit                         
0000a7fc  canGetData                          
0000a954  canGetID                            
0000a9bc  canUpdateID                         
0000aa34  canSendRemoteFrame                  
0000aad4  canFillMessageObjectData            
0000abd0  canIsTxMessagePending               
0000ac2c  canIsRxMessageArrived               
0000ac88  canIsMessageBoxValid                
0000ace4  canGetLastError                     
0000ad08  canGetErrorLevel                    
0000ad2c  canEnableErrorNotification          
0000ad4c  canEnableStatusChangeNotification   
0000ad6c  canDisableStatusChangeNotification  
0000ad8c  canDisableErrorNotification         
0000adac  canEnableloopback                   
0000ade4  canDisableloopback                  
0000ae14  canIoSetDirection                   
0000ae64  canIoSetPort                        
0000aeb4  canIoTxGetBit                       
0000aed0  canIoRxGetBit                       
0000aeec  can1GetConfigValue                  
0000b044  can2GetConfigValue                  
0000b24c  setupPLL                            
0000b29c  trimLPO                             
0000b310  setupFlash                          
0000b350  periphInit                          
0000b3a4  mapClocks                           
0000b488  systemInit                          
0000b554  systemPowerDown                     
0000b584  systemGetConfigValue                
0000b944  tcmflashGetConfigValue              
0000baf0  sramGetConfigValue                  
0000bc2c  customTrimLPO                       
0000bcec  vimInit                             
0000bdc0  vimChannelMap                       
0000be64  vimEnableInterrupt                  
0000bfbc  vimDisableInterrupt                 
0000c040  vimGetConfigValue                   
0000c588  sciInit                             
0000c674  sciSetFunctional                    
0000c694  sciSetBaudrate                      
0000c74c  sciIsTxReady                        
0000c768  sciSendByte                         
0000c798  sciSend                             
0000c86c  sciIsRxReady                        
0000c888  sciIsIdleDetected                   
0000c8a4  sciRxError                          
0000c8d4  sciReceiveByte                      
0000c900  sciReceive                          
0000c9a0  sciEnableLoopback                   
0000c9d4  sciDisableLoopback                  
0000c9f0  sciEnableNotification               
0000ca2c  sciDisableNotification              
0000ca68  sciEnterResetState                  
0000ca88  sciExitResetState                   
0000cac0  scilinGetConfigValue                
0000cc6c  _errata_SSWF021_45_both_plls        
0000ce60  _errata_SSWF021_45_pll1             
0000cfd8  _errata_SSWF021_45_pll2             
0000d2d0  esmInit                             
0000d3d8  esmError                            
0000d3f4  esmEnableError                      
0000d41c  esmDisableError                     
0000d444  esmTriggerErrorPinReset             
0000d454  esmActivateNormalOperation          
0000d464  esmEnableInterrupt                  
0000d48c  esmDisableInterrupt                 
0000d4b4  esmSetInterruptLevel                
0000d528  esmClearStatus                      
0000d568  esmClearStatusBuffer                
0000d584  esmSetCounterPreloadValue           
0000d5a4  esmGetStatus                        
0000d628  esmGetStatusBuffer                  
0000d660  esmEnterSelfTest                    
0000d6e8  esmSelfTestStatus                   
0000d738  esmGetConfigValue                   
0000d88c  _coreInitRegisters_                 
0000d944  _coreInitStackPointer_              
0000d990  _getCPSRValue_                      
0000d998  _gotoCPUIdle_                       
0000d9b0  _coreEnableEventBusExport_          
0000d9c0  _coreDisableEventBusExport_         
0000d9d0  _coreEnableRamEcc_                  
0000d9e0  _coreDisableRamEcc_                 
0000d9f0  _coreEnableFlashEcc_                
0000da04  _coreDisableFlashEcc_               
0000da14  _coreEnableIrqVicOffset_            
0000da24  _coreGetDataFault_                  
0000da2c  _coreClearDataFault_                
0000da38  _coreGetInstructionFault_           
0000da40  _coreClearInstructionFault_         
0000da4c  _coreGetDataFaultAddress_           
0000da54  _coreClearDataFaultAddress_         
0000da60  _coreGetInstructionFaultAddress_    
0000da68  _coreClearInstructionFaultAddress_  
0000da74  _coreGetAuxiliaryDataFault_         
0000da7c  _coreClearAuxiliaryDataFault_       
0000da88  _coreGetAuxiliaryInstructionFault_  
0000da90  _coreClearAuxiliaryInstructionFault_
0000da9c  _disable_interrupt_                 
0000daa4  _disable_FIQ_interrupt_             
0000daac  _disable_IRQ_interrupt_             
0000dab4  _enable_interrupt_                  
0000dabc  _esmCcmErrorsClear_                 
0000db44  _errata_CORTEXR4_66_                
0000db54  __TI_PINIT_Base                     
0000db58  __TI_PINIT_Limit                    
0000db5c  can1HighLevelInterrupt              
0000dc1c  can1LowLevelInterrupt               
0000dc90  can2HighLevelInterrupt              
0000dd50  can2LowLevelInterrupt               
0000e06c  vimParityErrorHandler               
0000e2d4  vListInitialise                     
0000e32c  vListInitialiseItem                 
0000e348  vListInsertEnd                      
0000e3bc  vListInsert                         
0000e480  uxListRemove                        
0000e50c  _c_int00                            
0000e728  __aeabi_dsub                        
0000e734  __aeabi_dadd                        
0000eaf0  __aeabi_ddiv                        
0000ec80  __aeabi_memcpy                      
0000ec80  __aeabi_memcpy4                     
0000ec80  __aeabi_memcpy8                     
0000ec80  memcpy                              
0000eee8  xTaskNotifyStateClear               
0000ef64  floor                               
0000ef64  floorl                              
0000f0bc  muxInit                             
0000f144  pinmuxGetConfigValue                
0000f20c  main                                
0000f278  checkPackets                        
0000f310  esmHighInterrupt                    
0000f3fc  _dabort                             
0000f4e4  __aeabi_cdrcmple                    
0000f5c4  _pmuInit_                           
0000f610  _pmuEnableCountersGlobal_           
0000f620  _pmuDisableCountersGlobal_          
0000f630  _pmuResetCycleCounter_              
0000f640  _pmuResetEventCounters_             
0000f650  _pmuResetCounters_                  
0000f660  _pmuStartCounters_                  
0000f668  _pmuStopCounters_                   
0000f670  _pmuSetCountEvent_                  
0000f67c  _pmuGetCycleCount_                  
0000f684  _pmuGetEventCount_                  
0000f690  _pmuGetOverflow_                    
0000f6a4  __aeabi_memclr                      
0000f6a4  __aeabi_memclr4                     
0000f6a4  __aeabi_memclr8                     
0000f6a8  __aeabi_memset                      
0000f6a8  __aeabi_memset4                     
0000f6a8  __aeabi_memset8                     
0000f6b4  memset                              
0000f754  esmGroup1Notification               
0000f764  esmGroup2Notification               
0000f774  memoryPort0TestFailNotification     
0000f790  memoryPort1TestFailNotification     
0000f7ac  canErrorNotification                
0000f7c0  canStatusChangeNotification         
0000f7d4  canMessageNotification              
0000f7e8  sciNotification                     
0000f7fc  __TI_decompress_lzss                
0000f88c  __TI_auto_init_nobinit_nopinit      
0000f8f4  __aeabi_d2uiz                       
0000f94c  __aeabi_ui2d                        
0000f980  strlen                              
0000f9a0  __TI_decompress_none                
0000f9b4  __TI_zero_init                      
0000f9c4  C$$EXIT                             
0000f9c4  abort                               
0000f9cc  phantomInterrupt                    
0000f9d0  handlePLLLockFail                   
080008d0  pxCurrentTCB                        
08003010  rx_data                             
08003019  tx_data                             
08003024  ulCriticalNesting                   
08003028  ulTaskHasFPUContext                 
0800302c  error                               
ffffffff  __TI_pprof_out_hndl                 
ffffffff  __TI_prof_data_size                 
ffffffff  __TI_prof_data_start                
ffffffff  __binit__                           
ffffffff  __c_args__                          
ffffffff  binit                               
UNDEFED   SHT$$INIT_ARRAY$$Base               
UNDEFED   SHT$$INIT_ARRAY$$Limit              
UNDEFED   _system_post_cinit                  

[304 symbols]
